logic__261: 
datapath__25: 
case__3: 
muxpart__35: 
datapath__17: 
reg__51: 
logic__231: 
datapath__9: 
datapath__20: 
logic__242: 
reg__10: 
logic__22: 
datapath__28: 
logic__254: 
reg__73: 
SPI_RX: 
logic__256: 
reg: 
muxpart__27: 
logic__265: 
datapath__14: 
muxpart__30: 
logic__227: 
case__65: 
logic__244: 
FPGA1: 
logic__220: 
logic__236: 
logic__249: 
logic__67: 
reg__2: 
reg__37: 
logic__25: 
logic__91: 
muxpart__43: 
datapath__22: 
logic__286: 
case: 
reg__75: 
reg__112: 
datapath__32: 
reg__83: 
logic__258: 
datapath__31: 
case__68: 
reg__25: 
reg__77: 
case__2: 
logic__48: 
top: 
case__75: 
case__55: 
case__58: 
reg__93: 
datapath__30: 
datapath__18: 
reg__42: 
reg__16: 
spi_rx_ddr_based: 
case__71: 
case__77: 
case__15: 
reg__4: 
reg__99: 
reg__33: 
logic__10: 
reg__116: 
logic__72: 
dvid: 
reg__44: 
reg__46: 
muxpart__31: 
QLinkMaster: 
case__81: 
reg__18: 
counter__2: 
logic__31: 
datapath__4: 
logic__250: 
logic__68: 
counter__6: 
case__11: 
case__16: 
reg__32: 
case__5: 
muxpart__33: 
muxpart__38: 
image_driver: 
case__17: 
FPGA2: 
muxpart__25: 
reg__107: 
datapath__7: 
keep: 
case__74: 
reg__54: 
logic__44: 
case__61: 
reg__49: 
datapath__8: 
logic__41: 
TDMS_encoder: 
datapath__6: 
datapath__2: 
reg__40: 
reg__5: 
logic__103: 
muxpart: 
case__67: 
reg__15: 
datapath__13: 
logic__37: 
muxpart__36: 
TD_RAM_36K_WRAP: 
reg__45: 
reg__72: 
reg__61: 
logic__209: 
logic__97: 
muxpart__24: 
reg__26: 
reg__63: 
reg__117: 
logic__273: 
logic__63: 
reg__70: 
datapath__16: 
logic__69: 
counter__1: 
reg__38: 
clocking__parameterized1: 
logic__14: 
logic__252: 
logic__239: 
decode_serial: 
reg__96: 
logic__101: 
logic__257: 
reg__31: 
datapath__5: 
reg__101: 
datapath__24: 
logic__94: 
reg__23: 
reg__68: 
reg__97: 
logic__30: 
logic__29: 
logic__264: 
reg__6: 
reg__65: 
logic__267: 
case__4: 
clocking: 
muxpart__37: 
logic__73: 
reg__118: 
case__80: 
case__82: 
reg__114: 
reg__86: 
reg__27: 
reg__92: 
reg__50: 
spi_tx_ddr_based: 
reg__88: 
OSERDES_10BIT_WRAP: 
datapath__19: 
case__13: 
reg__55: 
logic__260: 
case__1: 
reg__59: 
logic__71: 
reg__62: 
datapath__12: 
reg__58: 
case__10: 
logic__289: 
reg__20: 
reg__82: 
logic__51: 
reg__34: 
case__73: 
muxpart__1: 
datapath__11: 
reg__84: 
case__78: 
logic__66: 
SPI_TX: 
muxpart__29: 
logic__253: 
logic__106: 
logic__262: 
case__7: 
case__69: 
reg__115: 
reg__90: 
datapath__21: 
muxpart__41: 
case__72: 
counter: 
reg__67: 
datapath__34: 
reg__8: 
muxpart__28: 
reg__100: 
case__63: 
case__12: 
vga_gen: 
reg__78: 
logic__9: 
reg__29: 
counter__4: 
logic__263: 
reg__94: 
reg__74: 
muxpart__26: 
reg__106: 
logic__245: 
muxpart__32: 
reg__103: 
reg__71: 
reg__19: 
case__66: 
datapath__27: 
logic__45: 
logic__232: 
logic__60: 
datapath__15: 
reg__76: 
logic__11: 
logic__216: 
logic__210: 
logic__230: 
reg__53: 
reg__14: 
case__79: 
reg__9: 
logic__303: 
muxpart__34: 
logic__298: 
clocking_1: 
case__62: 
reg__21: 
reg__109: 
reg__30: 
case__60: 
reg__22: 
reg__3: 
muxpart__42: 
case__8: 
case__14: 
reg__91: 
logic__251: 
logic__285: 
case__64: 
logic__65: 
case__9: 
reg__48: 
reg__69: 
reg__24: 
reg__98: 
datapath__3: 
logic__243: 
datapath__26: 
datapath__33: 
logic__235: 
reg__57: 
logic__35: 
hdmi_driver: 
clocking_2: 
reg__52: 
reg__113: 
logic__238: 
reg__89: 
counter__5: 
reg__39: 
keep__1: 
logic__283: 
logic__237: 
reg__79: 
reg__36: 
reg__47: 
logic__64: 
reg__11: 
muxpart__40: 
logic__3: 
case__6: 
reg__60: 
logic__211: 
logic__28: 
reg__85: 
muxpart__39: 
logic: 
reg__87: 
reg__35: 
counter__3: 
case__83: 
reg__95: 
logic__57: 
reg__111: 
logic__215: 
reg__28: 
logic__70: 
encode_serial: 
case__70: 
logic__255: 
reg__110: 
reg__105: 
logic__54: 
datapath__23: 
reg__1: 
reg__108: 
case__76: 
logic__259: 
reg__56: 
reg__81: 
reg__66: 
reg__80: 
reg__104: 
reg__17: 
logic__36: 
datapath__1: 
reg__64: 
logic__8: 
reg__41: 
datapath__10: 
reg__102: 
logic__284: 
logic__266: 
datapath__29: 
reg__7: 
reg__43: 
datapath: 
